?   	github.com/LilyPartridge7/CareHelp-SG/backend/cmd/server	[no test files]
go : # github.com/LilyP
artridge7/CareHelp-SG/b
ackend/internal/handler
s_test [github.com/Lily
Partridge7/CareHelp-SG/
backend/internal/handle
rs.test]
At line:1 char:1
+ go test ./... > 
test_output.log 2>&1
+ ~~~~~~~~~~~~~~~~~~~~~
~~~~~~~~~~~~~~~
    + CategoryInfo     
         : NotSpecifi  
  ed: (# github.com/   
 Li.../handlers.tes    
t]:String) [], Rem    
oteException
    + FullyQualifiedEr 
   rorId : NativeComm  
  andError
 
internal\handlers\post_
handler_test.go:171:40:
 cannot use 
mockService (variable 
of type 
*MockPostService) as 
services.PostService 
value in argument to ha
ndlers.NewPostHandler: 
*MockPostService does 
not implement 
services.PostService 
(wrong type for method 
PinPost)
		have PinPost(uint, 
uint, string) error
		want PinPost(uint, 
uint, string, *services
.PinPostRequest) error
FAIL	github.com/LilyPartridge7/CareHelp-SG/backend/internal/handlers [build failed]
?   	github.com/LilyPartridge7/CareHelp-SG/backend/internal/middleware	[no test files]
?   	github.com/LilyPartridge7/CareHelp-SG/backend/internal/models	[no test files]
?   	github.com/LilyPartridge7/CareHelp-SG/backend/internal/repositories	[no test files]
?   	github.com/LilyPartridge7/CareHelp-SG/backend/internal/services	[no test files]
?   	github.com/LilyPartridge7/CareHelp-SG/backend/internal/utils	[no test files]
FAIL
